# AQACert.log content: 
# DETECTED_JAVA_VERSION=openjdk version "1.8.0_472"
# OpenJDK Runtime Environment (Alibaba Dragonwell Standard Edition 8.27.26) (build 1.8.0_472-b01)
# OpenJDK 64-Bit Server VM (Alibaba Dragonwell Standard Edition 8.27.26) (build 25.472-b01, mixed mode)
# DETECTED_RELEASE_INFO=JAVA_VERSION="1.8.0_472"
# OS_NAME="Linux"
# OS_VERSION="2.6"
# OS_ARCH="amd64"
# SOURCE=".:git:faeaf70d7d49+"
# IMPLEMENTOR="Alibaba"
# BUILD_SOURCE="git:bc9ee117784b1f2405d49850dc06daf5f118ee33"
# BUILD_SOURCE_REPO="https://github.com/dragonwell-releng/openjdk-build.git"
# SOURCE_REPO="https://github.com/dragonwell-project/dragonwell8.git"
# FULL_VERSION="1.8.0_472-b01"
# SEMANTIC_VERSION="8.0.472+1"
# BUILD_INFO="OS: Linux Version: 5.4.0-106-generic"
# JVM_VARIANT="Dragonwell"
# JVM_VERSION="25.472-b01"
# IMAGE_TYPE="JDK"
# 
# Hostname: iZgw8du5lev6ljk1j9f2i3Z

#SHAs.txt content: 
# ================================================
# timestamp: 20260225-152314
# repo dir: /home/admin/workspace/Test_openjdk8_dragonwell_sanity.system_x86-64_linux/aqa-tests/system/STF
# git repo: 
#   Fetch URL: https://github.com/adoptium/STF.git
# sha:
# 91d0e566278d7e8bba2de994f3c0d4164e6bb0d7
# ================================================
# timestamp: 20260225-152314
# repo dir: /home/admin/workspace/Test_openjdk8_dragonwell_sanity.system_x86-64_linux/aqa-tests/system/aqa-systemtest
# git repo: 
#   Fetch URL: https://github.com/adoptium/aqa-systemtest.git
# sha:
# ea987227afd9fec0f9c68bfeeefc3beeca16d3e6
# ================================================
# timestamp: 20260225-152314
# repo dir: /home/admin/workspace/Test_openjdk8_dragonwell_sanity.system_x86-64_linux/aqa-tests
# git repo: 
#   Fetch URL: git@github.com:adoptium/aqa-tests.git
# sha:
# 30c0b963c9041edc85df0a417b51c2220cd7058a
# ================================================
# timestamp: 20260225-152314
# repo dir: /home/admin/workspace/Test_openjdk8_dragonwell_sanity.system_x86-64_linux/aqa-tests/TKG
# git repo: 
#   Fetch URL: https://github.com/adoptium/TKG.git
# sha:
# b3ee6c4f70f61744fdfb1fefffcdc2da53e9f152
# 
# Timestamp: Wed Feb 25 10:15:35 2026 UTC 
# TEST TARGETS RESULTS SUMMARY: TOTAL: 51   EXECUTED: 30   PASSED: 30   FAILED: 0   DISABLED: 6   SKIPPED: 15
1..51
ok 1 - MathLoadTest_autosimd_5m_0
  ---
    duration_ms: 302260
  ...
ok 2 - MathLoadTest_autosimd_5m_1
  ---
    duration_ms: 301973
  ...
ok 3 - MathLoadTest_autosimd_5m_2 # skip
  ---
    duration_ms: 7
  ...
ok 4 - MathLoadTest_bigdecimal_5m_0
  ---
    duration_ms: 302501
  ...
ok 5 - MathLoadTest_bigdecimal_5m_1
  ---
    duration_ms: 302497
  ...
ok 6 - MathLoadTest_bigdecimal_5m_2 # skip
  ---
    duration_ms: 7
  ...
ok 7 - ClassLoadingTest_5m_0
  ---
    duration_ms: 302427
  ...
ok 8 - ClassLoadingTest_5m_1
  ---
    duration_ms: 302009
  ...
ok 9 - ClassLoadingTest_5m_2 # skip
  ---
    duration_ms: 7
  ...
ok 10 - NioLoadTest_5m_0
  ---
    duration_ms: 311399
  ...
ok 11 - NioLoadTest_5m_1
  ---
    duration_ms: 309998
  ...
ok 12 - NioLoadTest_5m_2 # skip
  ---
    duration_ms: 7
  ...
ok 13 - MauveSingleThrdLoad_HS_5m_0
  ---
    duration_ms: 302039
  ...
ok 14 - MauveSingleThrdLoad_HS_5m_1
  ---
    duration_ms: 302495
  ...
ok 15 - MauveSingleThrdLoad_HS_5m_2 # skip
  ---
    duration_ms: 7
  ...
ok 16 - MauveSingleInvocLoad_HS_5m_0
  ---
    duration_ms: 301958
  ...
ok 17 - MauveSingleInvocLoad_HS_5m_1
  ---
    duration_ms: 301987
  ...
ok 18 - MauveSingleInvocLoad_HS_5m_2 # skip
  ---
    duration_ms: 7
  ...
ok 19 - MauveMultiThrdLoad_5m_0
  ---
    duration_ms: 302439
  ...
ok 20 - MauveMultiThrdLoad_5m_1
  ---
    duration_ms: 302502
  ...
ok 21 - MauveMultiThrdLoad_5m_2 # skip
  ---
    duration_ms: 7
  ...
ok 22 - LambdaLoadTest_HS_5m_0
  ---
    duration_ms: 304956
  ...
ok 23 - LambdaLoadTest_HS_5m_1
  ---
    duration_ms: 305237
  ...
ok 24 - LambdaLoadTest_HS_5m_2 # skip
  ---
    duration_ms: 7
  ...
ok 25 - ParallelStreamsLoadTest_HS_0
  ---
    duration_ms: 9486
  ...
ok 26 - ParallelStreamsLoadTest_HS_1
  ---
    duration_ms: 11413
  ...
ok 27 - ParallelStreamsLoadTest_HS_2 # skip
  ---
    duration_ms: 7
  ...
ok 28 - TestJlmLocal_0
  ---
    duration_ms: 26417
  ...
ok 29 - TestJlmLocal_1
  ---
    duration_ms: 26238
  ...
ok 30 - TestJlmLocal_2 # skip
  ---
    duration_ms: 7
  ...
ok 31 - TestJlmRemoteClassAuth_0
  ---
    duration_ms: 638111
  ...
ok 32 - TestJlmRemoteClassAuth_1
  ---
    duration_ms: 638486
  ...
ok 33 - TestJlmRemoteClassAuth_2 # skip
  ---
    duration_ms: 7
  ...
ok 34 - TestJlmRemoteClassNoAuth_0
  ---
    duration_ms: 637252
  ...
ok 35 - TestJlmRemoteClassNoAuth_1
  ---
    duration_ms: 637023
  ...
ok 36 - TestJlmRemoteClassNoAuth_2 # skip
  ---
    duration_ms: 7
  ...
ok 37 - TestJlmRemoteMemoryAuth_0 # skip (disabled)
  ---
    duration_ms: 9
  ...
ok 38 - TestJlmRemoteMemoryAuth_1 # skip (disabled)
  ---
    duration_ms: 9
  ...
ok 39 - TestJlmRemoteMemoryAuth_2 # skip (disabled)
  ---
    duration_ms: 8
  ...
ok 40 - TestJlmRemoteMemoryNoAuth_0 # skip (disabled)
  ---
    duration_ms: 9
  ...
ok 41 - TestJlmRemoteMemoryNoAuth_1 # skip (disabled)
  ---
    duration_ms: 8
  ...
ok 42 - TestJlmRemoteMemoryNoAuth_2 # skip (disabled)
  ---
    duration_ms: 8
  ...
ok 43 - TestJlmRemoteNotifierProxyAuth_0
  ---
    duration_ms: 137606
  ...
ok 44 - TestJlmRemoteNotifierProxyAuth_1
  ---
    duration_ms: 138281
  ...
ok 45 - TestJlmRemoteNotifierProxyAuth_2 # skip
  ---
    duration_ms: 7
  ...
ok 46 - TestJlmRemoteThreadAuth_0
  ---
    duration_ms: 646199
  ...
ok 47 - TestJlmRemoteThreadAuth_1
  ---
    duration_ms: 646187
  ...
ok 48 - TestJlmRemoteThreadAuth_2 # skip
  ---
    duration_ms: 7
  ...
ok 49 - TestJlmRemoteThreadNoAuth_0
  ---
    duration_ms: 643976
  ...
ok 50 - TestJlmRemoteThreadNoAuth_1
  ---
    duration_ms: 644011
  ...
ok 51 - TestJlmRemoteThreadNoAuth_2 # skip
  ---
    duration_ms: 7
  ...
