# AQACert.log content: 
# DETECTED_JAVA_VERSION=openjdk version "1.8.0_472"
# OpenJDK Runtime Environment (Alibaba Dragonwell Standard Edition 8.27.26) (build 1.8.0_472-b01)
# OpenJDK 64-Bit Server VM (Alibaba Dragonwell Standard Edition 8.27.26) (build 25.472-b01, mixed mode)
# DETECTED_RELEASE_INFO=JAVA_VERSION="1.8.0_472"
# OS_NAME="Linux"
# OS_VERSION="2.6"
# OS_ARCH="amd64"
# SOURCE=".:git:faeaf70d7d49+"
# IMPLEMENTOR="Alibaba"
# BUILD_SOURCE="git:bc9ee117784b1f2405d49850dc06daf5f118ee33"
# BUILD_SOURCE_REPO="https://github.com/dragonwell-releng/openjdk-build.git"
# SOURCE_REPO="https://github.com/dragonwell-project/dragonwell8.git"
# FULL_VERSION="1.8.0_472-b01"
# SEMANTIC_VERSION="8.0.472+1"
# BUILD_INFO="OS: Linux Version: 5.4.0-106-generic"
# JVM_VARIANT="Dragonwell"
# JVM_VERSION="25.472-b01"
# IMAGE_TYPE="JDK"
# 
# Hostname: iZgw8du5lev6ljk1j9f2i1Z

#SHAs.txt content: 
# ================================================
# timestamp: 20260225-144712
# repo dir: /home/admin/workspace/Test_openjdk8_dragonwell_extended.system_x86-64_linux/aqa-tests/system/STF
# git repo: 
#   Fetch URL: https://github.com/adoptium/STF.git
# sha:
# 91d0e566278d7e8bba2de994f3c0d4164e6bb0d7
# ================================================
# timestamp: 20260225-144712
# repo dir: /home/admin/workspace/Test_openjdk8_dragonwell_extended.system_x86-64_linux/aqa-tests/system/aqa-systemtest
# git repo: 
#   Fetch URL: https://github.com/adoptium/aqa-systemtest.git
# sha:
# ea987227afd9fec0f9c68bfeeefc3beeca16d3e6
# ================================================
# timestamp: 20260225-144712
# repo dir: /home/admin/workspace/Test_openjdk8_dragonwell_extended.system_x86-64_linux/aqa-tests
# git repo: 
#   Fetch URL: git@github.com:adoptium/aqa-tests.git
# sha:
# 30c0b963c9041edc85df0a417b51c2220cd7058a
# ================================================
# timestamp: 20260225-144712
# repo dir: /home/admin/workspace/Test_openjdk8_dragonwell_extended.system_x86-64_linux/aqa-tests/TKG
# git repo: 
#   Fetch URL: https://github.com/adoptium/TKG.git
# sha:
# b3ee6c4f70f61744fdfb1fefffcdc2da53e9f152
# 
# Timestamp: Wed Feb 25 08:33:41 2026 UTC 
# TEST TARGETS RESULTS SUMMARY: TOTAL: 32   EXECUTED: 20   PASSED: 20   FAILED: 0   DISABLED: 3   SKIPPED: 9
1..32
ok 1 - MathLoadTest_all_5m_0
  ---
    duration_ms: 302159
  ...
ok 2 - MathLoadTest_all_5m_1
  ---
    duration_ms: 302154
  ...
ok 3 - MathLoadTest_all_5m_2 # skip
  ---
    duration_ms: 7
  ...
ok 4 - MiniMix_5m_0
  ---
    duration_ms: 337404
  ...
ok 5 - MiniMix_5m_1
  ---
    duration_ms: 352993
  ...
ok 6 - MiniMix_5m_2 # skip
  ---
    duration_ms: 8
  ...
ok 7 - MiniMix_10m_0
  ---
    duration_ms: 638432
  ...
ok 8 - MiniMix_10m_1
  ---
    duration_ms: 636212
  ...
ok 9 - MiniMix_10m_2 # skip
  ---
    duration_ms: 7
  ...
ok 10 - MiniMix_aot_5m_0
  ---
    duration_ms: 684831
  ...
ok 11 - ConcurrentLoadTest_5m_0
  ---
    duration_ms: 338898
  ...
ok 12 - ConcurrentLoadTest_5m_1
  ---
    duration_ms: 352030
  ...
ok 13 - ConcurrentLoadTest_5m_2 # skip
  ---
    duration_ms: 7
  ...
ok 14 - DBBLoadTest_5m_0
  ---
    duration_ms: 311503
  ...
ok 15 - DBBLoadTest_5m_1
  ---
    duration_ms: 311935
  ...
ok 16 - DBBLoadTest_5m_2 # skip
  ---
    duration_ms: 7
  ...
ok 17 - LangLoadTest_5m_0
  ---
    duration_ms: 302013
  ...
ok 18 - LangLoadTest_5m_1
  ---
    duration_ms: 301859
  ...
ok 19 - LangLoadTest_5m_2 # skip
  ---
    duration_ms: 7
  ...
ok 20 - LockingLoadTest_0
  ---
    duration_ms: 31742
  ...
ok 21 - LockingLoadTest_1
  ---
    duration_ms: 31789
  ...
ok 22 - LockingLoadTest_2 # skip
  ---
    duration_ms: 7
  ...
ok 23 - UtilLoadTest_5m_0
  ---
    duration_ms: 302137
  ...
ok 24 - UtilLoadTest_5m_1
  ---
    duration_ms: 302229
  ...
ok 25 - UtilLoadTest_5m_2 # skip
  ---
    duration_ms: 7
  ...
ok 26 - HCRLateAttachWorkload_0
  ---
    duration_ms: 262113
  ...
ok 27 - HCRLateAttachWorkload_1
  ---
    duration_ms: 262464
  ...
ok 28 - HCRLateAttachWorkload_2 # skip
  ---
    duration_ms: 7
  ...
ok 29 - JdiTest_0 # skip (disabled)
  ---
    duration_ms: 10
  ...
ok 30 - JdiTest_1 # skip (disabled)
  ---
    duration_ms: 9
  ...
ok 31 - JdiTest_2 # skip (disabled)
  ---
    duration_ms: 9
  ...
ok 32 - OAuthTest_0
  ---
    duration_ms: 23468
  ...
