# AQACert.log content: 
# DETECTED_JAVA_VERSION=openjdk version "1.8.0_472"
# OpenJDK Runtime Environment (Alibaba Dragonwell Standard Edition 8.27.26) (build 1.8.0_472-b01)
# OpenJDK 64-Bit Server VM (Alibaba Dragonwell Standard Edition 8.27.26) (build 25.472-b01, mixed mode)
# DETECTED_RELEASE_INFO=JAVA_VERSION="1.8.0_472"
# OS_NAME="Linux"
# OS_VERSION="2.6"
# OS_ARCH="aarch64"
# SOURCE=".:git:faeaf70d7d49+"
# IMPLEMENTOR="Alibaba"
# BUILD_SOURCE="git:bc9ee117784b1f2405d49850dc06daf5f118ee33"
# BUILD_SOURCE_REPO="https://github.com/dragonwell-releng/openjdk-build.git"
# SOURCE_REPO="https://github.com/dragonwell-project/dragonwell8.git"
# FULL_VERSION="1.8.0_472-b01"
# SEMANTIC_VERSION="8.0.472+1"
# BUILD_INFO="OS: Linux Version: 5.4.0-135-generic"
# JVM_VARIANT="Dragonwell"
# JVM_VERSION="25.472-b01"
# IMAGE_TYPE="JDK"
# 
# Hostname: iZgw86e9lj0cm45wpo0rsgZ

#SHAs.txt content: 
# ================================================
# timestamp: 20260225-145211
# repo dir: /home/admin/workspace/Test_openjdk8_dragonwell_sanity.functional_aarch64_linux/aqa-tests/TKG
# git repo: 
#   Fetch URL: https://github.com/adoptium/TKG.git
# sha:
# b3ee6c4f70f61744fdfb1fefffcdc2da53e9f152
# ================================================
# timestamp: 20260225-145211
# repo dir: /home/admin/workspace/Test_openjdk8_dragonwell_sanity.functional_aarch64_linux/aqa-tests/openj9
# git repo: 
#   Fetch URL: https://github.com/eclipse-openj9/openj9.git
# sha:
# e2b243ef540eca7874b78f6d0fbd24ee3ab591c8
# ================================================
# timestamp: 20260225-145211
# repo dir: /home/admin/workspace/Test_openjdk8_dragonwell_sanity.functional_aarch64_linux/aqa-tests
# git repo: 
#   Fetch URL: git@github.com:adoptium/aqa-tests.git
# sha:
# 30c0b963c9041edc85df0a417b51c2220cd7058a
# 
# Timestamp: Wed Feb 25 06:52:16 2026 UTC 
# TEST TARGETS RESULTS SUMMARY: TOTAL: 5   EXECUTED: 4   PASSED: 4   FAILED: 0   DISABLED: 1   SKIPPED: 0
1..5
ok 1 - cmdLineTest_J9test_elapsedTime_0
  ---
    duration_ms: 2344
  ...
ok 2 - testXXArgumentTesting_0
  ---
    duration_ms: 299
  ...
ok 3 - cmdLineTester_libpathTestRtfChild_0
  ---
    duration_ms: 749
  ...
ok 4 - cmdLineTester_imageReaderInitializationTest_0
  ---
    duration_ms: 215
  ...
ok 5 - SyntheticGCWorkload_TestCase_0 # skip (disabled)
  ---
    duration_ms: 12
  ...
